Dataset already exists for GIN/GINE. Loading from pickle files.
Training GAT model
                                 precision    recall  f1-score   support

                      Alkaloids       0.70      0.67      0.69      4578
       Amino acids and Peptides       0.66      0.52      0.58      1609
                  Carbohydrates       0.59      0.40      0.48       524
                    Fatty acids       0.92      0.92      0.92     14430
                    Polyketides       0.47      0.16      0.24      4203
Shikimates and Phenylpropanoids       0.64      0.70      0.67      5867
                     Terpenoids       0.73      0.89      0.80     13301

                      micro avg       0.77      0.77      0.77     44512
                      macro avg       0.67      0.61      0.63     44512
                   weighted avg       0.75      0.77      0.75     44512
                    samples avg       0.77      0.77      0.77     44512

                                 precision    recall  f1-score   support

                      Alkaloids       0.76      0.85      0.80      1548
       Amino acids and Peptides       0.78      0.70      0.74       548
                  Carbohydrates       0.61      0.61      0.61       192
                    Fatty acids       0.95      0.94      0.95      4796
                    Polyketides       0.65      0.27      0.38      1332
Shikimates and Phenylpropanoids       0.79      0.71      0.74      1946
                     Terpenoids       0.80      0.95      0.87      4454

                      micro avg       0.83      0.83      0.83     14816
                      macro avg       0.76      0.72      0.73     14816
                   weighted avg       0.82      0.83      0.82     14816
                    samples avg       0.83      0.83      0.83     14816

[GAT TRAINING 1/3] Epoch: 001, Loss: 0.6783, Training Precision: 0.7661, Training Recall: 0.7661, Training F1-score: 0.7661
Training confusion matrix:
[[ 3090   229    25   201   233   248   552]
 [  459   837    83    80    18    42    90]
 [   44   141   212    33     8    52    34]
 [   97    21    30 13305   101    78   798]
 [  282    33     2   394   687  1221  1584]
 [  271    12     4    41   140  4131  1268]
 [  177     0     5   374   265   641 11839]]
[GAT VALIDATION 1/3] Epoch: 001, Loss: 0.4951, Val Precision: 0.8312, Val Recall: 0.8312, Val F1-score: 0.8312
Validation confusion matrix:
[[1312   53   14   27   69    5   68]
 [ 118  385   27   11    3    1    3]
 [   1   46  118    9    6    0   12]
 [  27    0   25 4511   19   18  196]
 [  84    5    1  135  361  306  440]
 [ 134    4    2    6   48 1375  377]
 [  57    2    6   38   53   45 4253]]
--------------------------------------------------
                                 precision    recall  f1-score   support

                      Alkaloids       0.73      0.86      0.79      4582
       Amino acids and Peptides       0.75      0.68      0.71      1608
                  Carbohydrates       0.67      0.59      0.62       524
                    Fatty acids       0.95      0.95      0.95     14429
                    Polyketides       0.64      0.29      0.40      4205
Shikimates and Phenylpropanoids       0.71      0.78      0.74      5865
                     Terpenoids       0.84      0.91      0.88     13299

                      micro avg       0.83      0.83      0.83     44512
                      macro avg       0.76      0.72      0.73     44512
                   weighted avg       0.82      0.83      0.82     44512
                    samples avg       0.83      0.83      0.83     44512

                                 precision    recall  f1-score   support

                      Alkaloids       0.73      0.92      0.81      1548
       Amino acids and Peptides       0.80      0.74      0.77       548
                  Carbohydrates       0.94      0.43      0.59       192
                    Fatty acids       0.94      0.96      0.95      4796
                    Polyketides       0.66      0.34      0.45      1332
Shikimates and Phenylpropanoids       0.75      0.82      0.78      1946
                     Terpenoids       0.90      0.92      0.91      4454

                      micro avg       0.85      0.85      0.85     14816
                      macro avg       0.82      0.73      0.75     14816
                   weighted avg       0.85      0.85      0.84     14816
                    samples avg       0.85      0.85      0.85     14816

[GAT TRAINING 1/3] Epoch: 002, Loss: 0.4804, Training Precision: 0.8305, Training Recall: 0.8305, Training F1-score: 0.8305
Training confusion matrix:
[[ 3951   206    23    85   139    51   127]
 [  391  1089    74    37    14     2     1]
 [   42    96   307    38    10     7    24]
 [   93     6    47 13683    82    82   436]
 [  317    39     0   429  1235  1164  1021]
 [  398    11     1    11   203  4562   679]
 [  212     2     8   159   255   524 12139]]
[GAT VALIDATION 1/3] Epoch: 002, Loss: 0.4184, Val Precision: 0.8541, Val Recall: 0.8541, Val F1-score: 0.8541
Validation confusion matrix:
[[1417   46    3   21   28   12   21]
 [ 128  403    0    9    4    2    2]
 [  11   52   82   31    8    3    5]
 [  43    0    1 4599   36   30   87]
 [ 119    0    0  171  456  347  239]
 [ 135    1    0   10   88 1587  125]
 [  79    2    1   67   68  127 4110]]
--------------------------------------------------
                                 precision    recall  f1-score   support

                      Alkaloids       0.74      0.88      0.81      4582
       Amino acids and Peptides       0.79      0.72      0.75      1610
                  Carbohydrates       0.73      0.59      0.65       523
                    Fatty acids       0.95      0.95      0.95     14430
                    Polyketides       0.69      0.36      0.47      4205
Shikimates and Phenylpropanoids       0.72      0.80      0.76      5865
                     Terpenoids       0.87      0.92      0.90     13297

                      micro avg       0.85      0.85      0.85     44512
                      macro avg       0.78      0.75      0.76     44512
                   weighted avg       0.84      0.85      0.84     44512
                    samples avg       0.85      0.85      0.85     44512

                                 precision    recall  f1-score   support

                      Alkaloids       0.80      0.83      0.81      1548
       Amino acids and Peptides       0.85      0.84      0.84       548
                  Carbohydrates       0.83      0.63      0.72       192
                    Fatty acids       0.94      0.96      0.95      4796
                    Polyketides       0.75      0.36      0.48      1332
Shikimates and Phenylpropanoids       0.80      0.70      0.75      1946
                     Terpenoids       0.81      0.97      0.88      4454

                      micro avg       0.85      0.85      0.85     14816
                      macro avg       0.82      0.75      0.78     14816
                   weighted avg       0.85      0.85      0.84     14816
                    samples avg       0.85      0.85      0.85     14816

[GAT TRAINING 1/3] Epoch: 003, Loss: 0.4221, Training Precision: 0.8475, Training Recall: 0.8475, Training F1-score: 0.8475
Training confusion matrix:
[[ 4052   173    25    68    97    43   124]
 [  361  1160    49    22    11     3     4]
 [   41    88   306    58    13     4    13]
 [  108     7    31 13770   110    96   308]
 [  315    27     1   428  1497  1165   772]
 [  375    12     2    18   214  4714   530]
 [  194     2     8   149   242   478 12224]]
[GAT VALIDATION 1/3] Epoch: 003, Loss: 0.4169, Val Precision: 0.8505, Val Recall: 0.8505, Val F1-score: 0.8505
Validation confusion matrix:
[[1278   61   10   36   32    7  124]
 [  57  458   12   10    5    1    5]
 [   1   16  121   39    7    1    7]
 [  28    2    2 4606   49   17   92]
 [  81    2    0  149  473  276  351]
 [ 130    1    0    8   40 1366  401]
 [  24    2    1   55   26   47 4299]]
--------------------------------------------------
                                 precision    recall  f1-score   support

                      Alkaloids       0.76      0.89      0.82      4580
       Amino acids and Peptides       0.80      0.76      0.78      1610
                  Carbohydrates       0.78      0.60      0.68       524
                    Fatty acids       0.95      0.96      0.95     14432
                    Polyketides       0.70      0.43      0.53      4205
Shikimates and Phenylpropanoids       0.75      0.80      0.78      5867
                     Terpenoids       0.89      0.92      0.91     13294

                      micro avg       0.86      0.86      0.86     44512
                      macro avg       0.80      0.77      0.78     44512
                   weighted avg       0.85      0.86      0.85     44512
                    samples avg       0.86      0.86      0.86     44512

                                 precision    recall  f1-score   support

                      Alkaloids       0.76      0.91      0.83      1548
       Amino acids and Peptides       0.88      0.76      0.81       548
                  Carbohydrates       0.75      0.73      0.74       192
                    Fatty acids       0.94      0.97      0.95      4796
                    Polyketides       0.86      0.32      0.46      1332
Shikimates and Phenylpropanoids       0.72      0.90      0.80      1946
                     Terpenoids       0.93      0.93      0.93      4454

                      micro avg       0.87      0.87      0.87     14816
                      macro avg       0.83      0.79      0.79     14816
                   weighted avg       0.88      0.87      0.86     14816
                    samples avg       0.87      0.87      0.87     14816

[GAT TRAINING 1/3] Epoch: 004, Loss: 0.3907, Training Precision: 0.8587, Training Recall: 0.8587, Training F1-score: 0.8587
Training confusion matrix:
[[ 4065   183    26    57    90    48   111]
 [  306  1225    30    29    16     1     3]
 [   54    57   317    69    11     2    14]
 [  103    13    28 13813   109    87   279]
 [  286    32     1   397  1795  1008   686]
 [  369    14     1    14   302  4714   453]
 [  183     2     6   149   243   417 12294]]
[GAT VALIDATION 1/3] Epoch: 004, Loss: 0.3587, Val Precision: 0.8704, Val Recall: 0.8704, Val F1-score: 0.8704
Validation confusion matrix:
[[1404   35   10   27    5   30   37]
 [ 104  416   14    9    1    2    2]
 [  11    8  141   21    2    2    7]
 [  37    2    8 4646   14   25   64]
 [ 121    9    0  161  423  464  154]
 [ 112    4    0    7   16 1746   61]
 [  54    1   15   65   29  170 4120]]
--------------------------------------------------
                                 precision    recall  f1-score   support

                      Alkaloids       0.78      0.89      0.83      4580
       Amino acids and Peptides       0.82      0.79      0.80      1609
                  Carbohydrates       0.79      0.62      0.69       524
                    Fatty acids       0.96      0.96      0.96     14429
                    Polyketides       0.72      0.49      0.58      4206
Shikimates and Phenylpropanoids       0.77      0.80      0.79      5865
                     Terpenoids       0.90      0.93      0.91     13299

                      micro avg       0.87      0.87      0.87     44512
                      macro avg       0.82      0.78      0.80     44512
                   weighted avg       0.87      0.87      0.86     44512
                    samples avg       0.87      0.87      0.87     44512

                                 precision    recall  f1-score   support

                      Alkaloids       0.75      0.95      0.84      1548
       Amino acids and Peptides       0.83      0.84      0.84       548
                  Carbohydrates       0.76      0.56      0.65       192
                    Fatty acids       0.96      0.96      0.96      4796
                    Polyketides       0.75      0.50      0.60      1332
Shikimates and Phenylpropanoids       0.77      0.86      0.81      1946
                     Terpenoids       0.94      0.92      0.93      4454

                      micro avg       0.88      0.88      0.88     14816
                      macro avg       0.82      0.80      0.80     14816
                   weighted avg       0.88      0.88      0.88     14816
                    samples avg       0.88      0.88      0.88     14816

[GAT TRAINING 1/3] Epoch: 005, Loss: 0.3664, Training Precision: 0.8691, Training Recall: 0.8691, Training F1-score: 0.8691
Training confusion matrix:
[[ 4087   166    26    53    89    44   115]
 [  267  1269    25    26    15     3     4]
 [   43    63   324    63     8     3    20]
 [   93    12    26 13861   108    79   250]
 [  253    29     2   356  2058   891   617]
 [  360    14     2    14   340  4720   415]
 [  163     3     7   132   240   387 12367]]
[GAT VALIDATION 1/3] Epoch: 005, Loss: 0.3387, Val Precision: 0.8815, Val Recall: 0.8815, Val F1-score: 0.8815
Validation confusion matrix:
[[1463   45    6    5    9    9   11]
 [  76  462    4    3    2    1    0]
 [  24   28  108   16    5    5    6]
 [  53    3   19 4593   48   22   58]
 [ 112   12    0   94  668  321  125]
 [ 125    3    0    5   86 1675   52]
 [  93    2    5   57   68  137 4092]]
--------------------------------------------------
                                 precision    recall  f1-score   support

                      Alkaloids       0.78      0.89      0.84      4582
       Amino acids and Peptides       0.83      0.81      0.82      1610
                  Carbohydrates       0.80      0.64      0.71       524
                    Fatty acids       0.96      0.96      0.96     14431
                    Polyketides       0.72      0.51      0.60      4203
Shikimates and Phenylpropanoids       0.79      0.81      0.80      5865
                     Terpenoids       0.90      0.93      0.92     13297

                      micro avg       0.87      0.87      0.87     44512
                      macro avg       0.83      0.79      0.81     44512
                   weighted avg       0.87      0.87      0.87     44512
                    samples avg       0.87      0.87      0.87     44512

                                 precision    recall  f1-score   support

                      Alkaloids       0.78      0.92      0.84      1548
       Amino acids and Peptides       0.92      0.75      0.83       548
                  Carbohydrates       0.77      0.76      0.76       192
                    Fatty acids       0.95      0.97      0.96      4796
                    Polyketides       0.81      0.40      0.53      1332
Shikimates and Phenylpropanoids       0.75      0.89      0.82      1946
                     Terpenoids       0.93      0.94      0.93      4454

                      micro avg       0.88      0.88      0.88     14816
                      macro avg       0.84      0.80      0.81     14816
                   weighted avg       0.88      0.88      0.88     14816
                    samples avg       0.88      0.88      0.88     14816

[GAT TRAINING 1/3] Epoch: 006, Loss: 0.3472, Training Precision: 0.8749, Training Recall: 0.8749, Training F1-score: 0.8749
Training confusion matrix:
[[ 4094   152    28    56    72    49   131]
 [  240  1309    23    22     9     0     7]
 [   60    55   334    48    10     4    13]
 [   94    14    23 13867   107    67   259]
 [  245    23     2   342  2159   829   603]
 [  338    13     1    15   395  4762   341]
 [  152     3     6   145   252   322 12417]]
[GAT VALIDATION 1/3] Epoch: 006, Loss: 0.3303, Val Precision: 0.8830, Val Recall: 0.8830, Val F1-score: 0.8830
Validation confusion matrix:
[[1419   28   14   21   19   26   21]
 [  92  412   26   10    3    3    2]
 [   6    1  146   18    2    2   17]
 [  35    2    3 4630   32   19   75]
 [ 103    1    0  122  530  416  160]
 [ 108    1    0    6   28 1738   65]
 [  51    1    1   52   42  100 4207]]
--------------------------------------------------
